// Jest Snapshot v1, https://goo.gl/fbAQLP

exports[`<Style> creates <style> tag based on html string 1`] = `"<style data-dash=\\"1abu38z\\" data-cache=\\"ui\\">.ui-1abu38z{display:block;}</style>"`;

exports[`<Style> creates <style> tag with cache key 1`] = `"<style data-dash=\\"1abu38z\\" data-cache=\\"abc\\">.abc-1abu38z{display:block;}</style>"`;

exports[`<Style> creates <style> tag with default styles function 1`] = `"<style data-dash=\\"1abu38z\\" data-cache=\\"ui\\">.ui-1abu38z{display:block;}</style>"`;

exports[`<Style> creates <style> tag with nonce 1`] = `"<style nonce=\\"abc\\" data-dash=\\"1abu38z\\" data-cache=\\"ui\\">.ui-1abu38z{display:block;}</style>"`;
